// Jest Snapshot v1, https://goo.gl/fbAQLP

exports[`Should render ExpenseListItem with fixture data 1`] = `
<Link
  className="list-item"
  replace={false}
  to="/edit/1"
>
  <div>
    <h3
      className="list-item__title"
    >
      Gum
    </h3>
    <span
      className="list-item__sub-title"
    >
       
      1 January 1970
       
    </span>
  </div>
  <h3
    className="list-item__data"
  >
     
    $1.00
      
  </h3>
</Link>
`;
