// Jest Snapshot v1, https://goo.gl/fbAQLP

exports[`It Should Render Expense List Filter Page 1`] = `undefined`;

exports[`render expense list filter page 1`] = `undefined`;
