// Jest Snapshot v1, https://goo.gl/fbAQLP

exports[`Should render NotFoundPage correctly 1`] = `
<div>
  404 NOT FOUND
  <Link
    replace={false}
    to="/"
  >
    HOME
  </Link>
</div>
`;
